Archive member included to satisfy reference by file (symbol)

d:/installation/apps/cubeide/stm32cubeide_1.7.0/stm32cubeide/plugins/com.st.stm32cube.ide.mcu.externaltools.gnu-tools-for-stm32.9-2020-q2-update.win32_2.0.0.202105311346/tools/bin/../lib/gcc/arm-none-eabi/9.3.1/../../../../arm-none-eabi/lib/thumb/v7-m/nofp\libc_nano.a(lib_a-errno.o)
                              ./Core/Src/syscalls.o (__errno)
d:/installation/apps/cubeide/stm32cubeide_1.7.0/stm32cubeide/plugins/com.st.stm32cube.ide.mcu.externaltools.gnu-tools-for-stm32.9-2020-q2-update.win32_2.0.0.202105311346/tools/bin/../lib/gcc/arm-none-eabi/9.3.1/../../../../arm-none-eabi/lib/thumb/v7-m/nofp\libc_nano.a(lib_a-exit.o)
                              d:/installation/apps/cubeide/stm32cubeide_1.7.0/stm32cubeide/plugins/com.st.stm32cube.ide.mcu.externaltools.gnu-tools-for-stm32.9-2020-q2-update.win32_2.0.0.202105311346/tools/bin/../lib/gcc/arm-none-eabi/9.3.1/../../../../arm-none-eabi/lib/thumb/v7-m/nofp/crt0.o (exit)
d:/installation/apps/cubeide/stm32cubeide_1.7.0/stm32cubeide/plugins/com.st.stm32cube.ide.mcu.externaltools.gnu-tools-for-stm32.9-2020-q2-update.win32_2.0.0.202105311346/tools/bin/../lib/gcc/arm-none-eabi/9.3.1/../../../../arm-none-eabi/lib/thumb/v7-m/nofp\libc_nano.a(lib_a-impure.o)
                              d:/installation/apps/cubeide/stm32cubeide_1.7.0/stm32cubeide/plugins/com.st.stm32cube.ide.mcu.externaltools.gnu-tools-for-stm32.9-2020-q2-update.win32_2.0.0.202105311346/tools/bin/../lib/gcc/arm-none-eabi/9.3.1/../../../../arm-none-eabi/lib/thumb/v7-m/nofp\libc_nano.a(lib_a-exit.o) (_global_impure_ptr)
d:/installation/apps/cubeide/stm32cubeide_1.7.0/stm32cubeide/plugins/com.st.stm32cube.ide.mcu.externaltools.gnu-tools-for-stm32.9-2020-q2-update.win32_2.0.0.202105311346/tools/bin/../lib/gcc/arm-none-eabi/9.3.1/../../../../arm-none-eabi/lib/thumb/v7-m/nofp\libc_nano.a(lib_a-init.o)
                              d:/installation/apps/cubeide/stm32cubeide_1.7.0/stm32cubeide/plugins/com.st.stm32cube.ide.mcu.externaltools.gnu-tools-for-stm32.9-2020-q2-update.win32_2.0.0.202105311346/tools/bin/../lib/gcc/arm-none-eabi/9.3.1/../../../../arm-none-eabi/lib/thumb/v7-m/nofp/crt0.o (__libc_init_array)
d:/installation/apps/cubeide/stm32cubeide_1.7.0/stm32cubeide/plugins/com.st.stm32cube.ide.mcu.externaltools.gnu-tools-for-stm32.9-2020-q2-update.win32_2.0.0.202105311346/tools/bin/../lib/gcc/arm-none-eabi/9.3.1/../../../../arm-none-eabi/lib/thumb/v7-m/nofp\libc_nano.a(lib_a-memset.o)
                              d:/installation/apps/cubeide/stm32cubeide_1.7.0/stm32cubeide/plugins/com.st.stm32cube.ide.mcu.externaltools.gnu-tools-for-stm32.9-2020-q2-update.win32_2.0.0.202105311346/tools/bin/../lib/gcc/arm-none-eabi/9.3.1/../../../../arm-none-eabi/lib/thumb/v7-m/nofp/crt0.o (memset)

Allocating common symbols
Common symbol       size              file

traffic_timer       0x8               ./Core/Src/global.o
led_seg             0x20              ./Core/Src/global.o
uwTick              0x4               ./Drivers/STM32F1xx_HAL_Driver/Src/stm32f1xx_hal.o
pFlash              0x20              ./Drivers/STM32F1xx_HAL_Driver/Src/stm32f1xx_hal_flash.o
traffic_color       0x8               ./Core/Src/global.o
light_color         0x30              ./Core/Src/global.o

Discarded input sections

 .text          0x0000000000000000        0x0 d:/installation/apps/cubeide/stm32cubeide_1.7.0/stm32cubeide/plugins/com.st.stm32cube.ide.mcu.externaltools.gnu-tools-for-stm32.9-2020-q2-update.win32_2.0.0.202105311346/tools/bin/../lib/gcc/arm-none-eabi/9.3.1/thumb/v7-m/nofp/crti.o
 .data          0x0000000000000000        0x0 d:/installation/apps/cubeide/stm32cubeide_1.7.0/stm32cubeide/plugins/com.st.stm32cube.ide.mcu.externaltools.gnu-tools-for-stm32.9-2020-q2-update.win32_2.0.0.202105311346/tools/bin/../lib/gcc/arm-none-eabi/9.3.1/thumb/v7-m/nofp/crti.o
 .bss           0x0000000000000000        0x0 d:/installation/apps/cubeide/stm32cubeide_1.7.0/stm32cubeide/plugins/com.st.stm32cube.ide.mcu.externaltools.gnu-tools-for-stm32.9-2020-q2-update.win32_2.0.0.202105311346/tools/bin/../lib/gcc/arm-none-eabi/9.3.1/thumb/v7-m/nofp/crti.o
 .data          0x0000000000000000        0x4 d:/installation/apps/cubeide/stm32cubeide_1.7.0/stm32cubeide/plugins/com.st.stm32cube.ide.mcu.externaltools.gnu-tools-for-stm32.9-2020-q2-update.win32_2.0.0.202105311346/tools/bin/../lib/gcc/arm-none-eabi/9.3.1/thumb/v7-m/nofp/crtbegin.o
 .text          0x0000000000000000       0x7c d:/installation/apps/cubeide/stm32cubeide_1.7.0/stm32cubeide/plugins/com.st.stm32cube.ide.mcu.externaltools.gnu-tools-for-stm32.9-2020-q2-update.win32_2.0.0.202105311346/tools/bin/../lib/gcc/arm-none-eabi/9.3.1/../../../../arm-none-eabi/lib/thumb/v7-m/nofp/crt0.o
[...]
Memory Configuration

Name             Origin             Length             Attributes
RAM              0x0000000020000000 0x0000000000002800 xrw
FLASH            0x0000000008000000 0x0000000000008000 xr
*default*        0x0000000000000000 0xffffffffffffffff

Linker script and memory map

LOAD d:/installation/apps/cubeide/stm32cubeide_1.7.0/stm32cubeide/plugins/com.st.stm32cube.ide.mcu.externaltools.gnu-tools-for-stm32.9-2020-q2-update.win32_2.0.0.202105311346/tools/bin/../lib/gcc/arm-none-eabi/9.3.1/thumb/v7-m/nofp/crti.o
LOAD d:/installation/apps/cubeide/stm32cubeide_1.7.0/stm32cubeide/plugins/com.st.stm32cube.ide.mcu.externaltools.gnu-tools-for-stm32.9-2020-q2-update.win32_2.0.0.202105311346/tools/bin/../lib/gcc/arm-none-eabi/9.3.1/thumb/v7-m/nofp/crtbegin.o
LOAD d:/installation/apps/cubeide/stm32cubeide_1.7.0/stm32cubeide/plugins/com.st.stm32cube.ide.mcu.externaltools.gnu-tools-for-stm32.9-2020-q2-update.win32_2.0.0.202105311346/tools/bin/../lib/gcc/arm-none-eabi/9.3.1/../../../../arm-none-eabi/lib/thumb/v7-m/nofp/crt0.o
LOAD ./Core/Src/global.o
LOAD ./Core/Src/led_seg.o
LOAD ./Core/Src/main.o
LOAD ./Core/Src/stm32f1xx_hal_msp.o
LOAD ./Core/Src/stm32f1xx_it.o
LOAD ./Core/Src/syscalls.o
LOAD ./Core/Src/sysmem.o
LOAD ./Core/Src/system_stm32f1xx.o
LOAD ./Core/Src/traffic_light.o
LOAD ./Core/Startup/startup_stm32f103c6tx.o
LOAD ./Drivers/STM32F1xx_HAL_Driver/Src/stm32f1xx_hal.o
LOAD ./Drivers/STM32F1xx_HAL_Driver/Src/stm32f1xx_hal_cortex.o
LOAD ./Drivers/STM32F1xx_HAL_Driver/Src/stm32f1xx_hal_dma.o
LOAD ./Drivers/STM32F1xx_HAL_Driver/Src/stm32f1xx_hal_exti.o
LOAD ./Drivers/STM32F1xx_HAL_Driver/Src/stm32f1xx_hal_flash.o
LOAD ./Drivers/STM32F1xx_HAL_Driver/Src/stm32f1xx_hal_flash_ex.o
LOAD ./Drivers/STM32F1xx_HAL_Driver/Src/stm32f1xx_hal_gpio.o
LOAD ./Drivers/STM32F1xx_HAL_Driver/Src/stm32f1xx_hal_gpio_ex.o
LOAD ./Drivers/STM32F1xx_HAL_Driver/Src/stm32f1xx_hal_pwr.o
LOAD ./Drivers/STM32F1xx_HAL_Driver/Src/stm32f1xx_hal_rcc.o
LOAD ./Drivers/STM32F1xx_HAL_Driver/Src/stm32f1xx_hal_rcc_ex.o
LOAD ./Drivers/STM32F1xx_HAL_Driver/Src/stm32f1xx_hal_tim.o
LOAD ./Drivers/STM32F1xx_HAL_Driver/Src/stm32f1xx_hal_tim_ex.o
START GROUP
LOAD d:/installation/apps/cubeide/stm32cubeide_1.7.0/stm32cubeide/plugins/com.st.stm32cube.ide.mcu.externaltools.gnu-tools-for-stm32.9-2020-q2-update.win32_2.0.0.202105311346/tools/bin/../lib/gcc/arm-none-eabi/9.3.1/../../../../arm-none-eabi/lib/thumb/v7-m/nofp\libc_nano.a
LOAD d:/installation/apps/cubeide/stm32cubeide_1.7.0/stm32cubeide/plugins/com.st.stm32cube.ide.mcu.externaltools.gnu-tools-for-stm32.9-2020-q2-update.win32_2.0.0.202105311346/tools/bin/../lib/gcc/arm-none-eabi/9.3.1/../../../../arm-none-eabi/lib/thumb/v7-m/nofp\libm.a
END GROUP
START GROUP
LOAD d:/installation/apps/cubeide/stm32cubeide_1.7.0/stm32cubeide/plugins/com.st.stm32cube.ide.mcu.externaltools.gnu-tools-for-stm32.9-2020-q2-update.win32_2.0.0.202105311346/tools/bin/../lib/gcc/arm-none-eabi/9.3.1/thumb/v7-m/nofp\libgcc.a
LOAD d:/installation/apps/cubeide/stm32cubeide_1.7.0/stm32cubeide/plugins/com.st.stm32cube.ide.mcu.externaltools.gnu-tools-for-stm32.9-2020-q2-update.win32_2.0.0.202105311346/tools/bin/../lib/gcc/arm-none-eabi/9.3.1/../../../../arm-none-eabi/lib/thumb/v7-m/nofp\libc_nano.a
END GROUP
START GROUP
LOAD d:/installation/apps/cubeide/stm32cubeide_1.7.0/stm32cubeide/plugins/com.st.stm32cube.ide.mcu.externaltools.gnu-tools-for-stm32.9-2020-q2-update.win32_2.0.0.202105311346/tools/bin/../lib/gcc/arm-none-eabi/9.3.1/thumb/v7-m/nofp\libgcc.a
LOAD d:/installation/apps/cubeide/stm32cubeide_1.7.0/stm32cubeide/plugins/com.st.stm32cube.ide.mcu.externaltools.gnu-tools-for-stm32.9-2020-q2-update.win32_2.0.0.202105311346/tools/bin/../lib/gcc/arm-none-eabi/9.3.1/../../../../arm-none-eabi/lib/thumb/v7-m/nofp\libc_nano.a
LOAD d:/installation/apps/cubeide/stm32cubeide_1.7.0/stm32cubeide/plugins/com.st.stm32cube.ide.mcu.externaltools.gnu-tools-for-stm32.9-2020-q2-update.win32_2.0.0.202105311346/tools/bin/../lib/gcc/arm-none-eabi/9.3.1/../../../../arm-none-eabi/lib/thumb/v7-m/nofp\libnosys.a
END GROUP
START GROUP
LOAD d:/installation/apps/cubeide/stm32cubeide_1.7.0/stm32cubeide/plugins/com.st.stm32cube.ide.mcu.externaltools.gnu-tools-for-stm32.9-2020-q2-update.win32_2.0.0.202105311346/tools/bin/../lib/gcc/arm-none-eabi/9.3.1/thumb/v7-m/nofp\libgcc.a
LOAD d:/installation/apps/cubeide/stm32cubeide_1.7.0/stm32cubeide/plugins/com.st.stm32cube.ide.mcu.externaltools.gnu-tools-for-stm32.9-2020-q2-update.win32_2.0.0.202105311346/tools/bin/../lib/gcc/arm-none-eabi/9.3.1/../../../../arm-none-eabi/lib/thumb/v7-m/nofp\libc_nano.a
LOAD d:/installation/apps/cubeide/stm32cubeide_1.7.0/stm32cubeide/plugins/com.st.stm32cube.ide.mcu.externaltools.gnu-tools-for-stm32.9-2020-q2-update.win32_2.0.0.202105311346/tools/bin/../lib/gcc/arm-none-eabi/9.3.1/../../../../arm-none-eabi/lib/thumb/v7-m/nofp\libnosys.a
END GROUP
LOAD d:/installation/apps/cubeide/stm32cubeide_1.7.0/stm32cubeide/plugins/com.st.stm32cube.ide.mcu.externaltools.gnu-tools-for-stm32.9-2020-q2-update.win32_2.0.0.202105311346/tools/bin/../lib/gcc/arm-none-eabi/9.3.1/thumb/v7-m/nofp/crtend.o
LOAD d:/installation/apps/cubeide/stm32cubeide_1.7.0/stm32cubeide/plugins/com.st.stm32cube.ide.mcu.externaltools.gnu-tools-for-stm32.9-2020-q2-update.win32_2.0.0.202105311346/tools/bin/../lib/gcc/arm-none-eabi/9.3.1/thumb/v7-m/nofp/crtn.o
                0x0000000020002800                _estack = (ORIGIN (RAM) + LENGTH (RAM))
                0x0000000000000200                _Min_Heap_Size = 0x200
                0x0000000000000400                _Min_Stack_Size = 0x400

.isr_vector     0x0000000008000000      0x10c
                0x0000000008000000                . = ALIGN (0x4)
 *(.isr_vector)
 .isr_vector    0x0000000008000000      0x10c ./Core/Startup/startup_stm32f103c6tx.o
                0x0000000008000000                g_pfnVectors
                0x000000000800010c                . = ALIGN (0x4)

.text           0x000000000800010c     0x1498
                0x000000000800010c                . = ALIGN (0x4)
 *(.text)
 .text          0x000000000800010c       0x40 d:/installation/apps/cubeide/stm32cubeide_1.7.0/stm32cubeide/plugins/com.st.stm32cube.ide.mcu.externaltools.gnu-tools-for-stm32.9-2020-q2-update.win32_2.0.0.202105311346/tools/bin/../lib/gcc/arm-none-eabi/9.3.1/thumb/v7-m/nofp/crtbegin.o
 *(.text*)
 .text.set_GPIO_off
                0x000000000800014c       0x20 ./Core/Src/global.o
                0x000000000800014c                set_GPIO_off
 .text.set_GPIO_on
                0x000000000800016c       0x20 ./Core/Src/global.o
                0x000000000800016c                set_GPIO_on
 .text.init_7_seg
                0x000000000800018c       0x5c ./Core/Src/led_seg.o
                0x000000000800018c                init_7_seg
 .text.turn_seg_on
                0x00000000080001e8       0x24 ./Core/Src/led_seg.o
                0x00000000080001e8                turn_seg_on
 .text.turn_seg_off
                0x000000000800020c       0x24 ./Core/Src/led_seg.o
                0x000000000800020c                turn_seg_off
 .text.turn_all_seg_off
                0x0000000008000230       0x28 ./Core/Src/led_seg.o
                0x0000000008000230                turn_all_seg_off
 .text.display7SEG
                0x0000000008000258       0x5e ./Core/Src/led_seg.o
                0x0000000008000258                display7SEG
 *fill*         0x00000000080002b6        0x2 
 .text.main     0x00000000080002b8      0x100 ./Core/Src/main.o
                0x00000000080002b8                main
 .text.SystemClock_Config
                0x00000000080003b8       0x76 ./Core/Src/main.o
                0x00000000080003b8                SystemClock_Config
 *fill*         0x000000000800042e        0x2 
 .text.MX_GPIO_Init
                0x0000000008000430       0x68 ./Core/Src/main.o
 .text.Error_Handler
                0x0000000008000498        0xa ./Core/Src/main.o
                0x0000000008000498                Error_Handler
 *fill*         0x00000000080004a2        0x2 
 .text.HAL_MspInit
                0x00000000080004a4       0x64 ./Core/Src/stm32f1xx_hal_msp.o
                0x00000000080004a4                HAL_MspInit
 .text.NMI_Handler
                0x0000000008000508        0x6 ./Core/Src/stm32f1xx_it.o
                0x0000000008000508                NMI_Handler
 .text.HardFault_Handler
                0x000000000800050e        0x6 ./Core/Src/stm32f1xx_it.o
                0x000000000800050e                HardFault_Handler
 .text.MemManage_Handler
                0x0000000008000514        0x6 ./Core/Src/stm32f1xx_it.o
                0x0000000008000514                MemManage_Handler
 .text.BusFault_Handler
                0x000000000800051a        0x6 ./Core/Src/stm32f1xx_it.o
                0x000000000800051a                BusFault_Handler
 .text.UsageFault_Handler
                0x0000000008000520        0x6 ./Core/Src/stm32f1xx_it.o
                0x0000000008000520                UsageFault_Handler
 .text.SVC_Handler
                0x0000000008000526        0xc ./Core/Src/stm32f1xx_it.o
                0x0000000008000526                SVC_Handler
 .text.DebugMon_Handler
                0x0000000008000532        0xc ./Core/Src/stm32f1xx_it.o
                0x0000000008000532                DebugMon_Handler
 .text.PendSV_Handler
                0x000000000800053e        0xc ./Core/Src/stm32f1xx_it.o
                0x000000000800053e                PendSV_Handler
 .text.SysTick_Handler
                0x000000000800054a        0xc ./Core/Src/stm32f1xx_it.o
                0x000000000800054a                SysTick_Handler
 .text.SystemInit
                0x0000000008000556        0xc ./Core/Src/system_stm32f1xx.o
                0x0000000008000556                SystemInit
 *fill*         0x0000000008000562        0x2 
 .text.init_traffic_light
                0x0000000008000564       0xa0 ./Core/Src/traffic_light.o
                0x0000000008000564                init_traffic_light
 .text.turn_light_off
                0x0000000008000604       0x30 ./Core/Src/traffic_light.o
                0x0000000008000604                turn_light_off
 .text.turn_light_on
                0x0000000008000634       0x30 ./Core/Src/traffic_light.o
                0x0000000008000634                turn_light_on
 .text.turn_all_light_off
                0x0000000008000664       0x3c ./Core/Src/traffic_light.o
                0x0000000008000664                turn_all_light_off
 .text.run_traffic_light
                0x00000000080006a0       0x40 ./Core/Src/traffic_light.o
                0x00000000080006a0                run_traffic_light
 .text.change_traffic_light
                0x00000000080006e0       0x58 ./Core/Src/traffic_light.o
                0x00000000080006e0                change_traffic_light
 .text.Reset_Handler
                0x0000000008000738       0x48 ./Core/Startup/startup_stm32f103c6tx.o
                0x0000000008000738                Reset_Handler
 .text.Default_Handler
                0x0000000008000780        0x2 ./Core/Startup/startup_stm32f103c6tx.o
                0x0000000008000780                RTC_Alarm_IRQHandler
                0x0000000008000780                EXTI2_IRQHandler
                0x0000000008000780                TIM1_CC_IRQHandler
                0x0000000008000780                PVD_IRQHandler
                0x0000000008000780                EXTI3_IRQHandler
                0x0000000008000780                EXTI0_IRQHandler
                0x0000000008000780                ADC1_2_IRQHandler
                0x0000000008000780                SPI1_IRQHandler
                0x0000000008000780                TAMPER_IRQHandler
                0x0000000008000780                DMA1_Channel4_IRQHandler
                0x0000000008000780                RTC_IRQHandler
                0x0000000008000780                DMA1_Channel7_IRQHandler
                0x0000000008000780                CAN1_RX1_IRQHandler
                0x0000000008000780                I2C1_EV_IRQHandler
                0x0000000008000780                DMA1_Channel6_IRQHandler
                0x0000000008000780                TIM3_IRQHandler
                0x0000000008000780                RCC_IRQHandler
                0x0000000008000780                TIM1_TRG_COM_IRQHandler
                0x0000000008000780                DMA1_Channel1_IRQHandler
                0x0000000008000780                Default_Handler
                0x0000000008000780                EXTI15_10_IRQHandler
                0x0000000008000780                EXTI9_5_IRQHandler
                0x0000000008000780                DMA1_Channel5_IRQHandler
                0x0000000008000780                EXTI4_IRQHandler
                0x0000000008000780                USB_LP_CAN1_RX0_IRQHandler
                0x0000000008000780                USB_HP_CAN1_TX_IRQHandler
                0x0000000008000780                DMA1_Channel3_IRQHandler
                0x0000000008000780                TIM1_UP_IRQHandler
                0x0000000008000780                WWDG_IRQHandler
                0x0000000008000780                TIM2_IRQHandler
                0x0000000008000780                TIM1_BRK_IRQHandler
                0x0000000008000780                EXTI1_IRQHandler
                0x0000000008000780                USART2_IRQHandler
                0x0000000008000780                DMA1_Channel2_IRQHandler
                0x0000000008000780                CAN1_SCE_IRQHandler
                0x0000000008000780                FLASH_IRQHandler
                0x0000000008000780                USART1_IRQHandler
                0x0000000008000780                I2C1_ER_IRQHandler
                0x0000000008000780                USBWakeUp_IRQHandler
 *fill*         0x0000000008000782        0x2 
 .text.HAL_Init
                0x0000000008000784       0x2c ./Drivers/STM32F1xx_HAL_Driver/Src/stm32f1xx_hal.o
                0x0000000008000784                HAL_Init
 .text.HAL_InitTick
                0x00000000080007b0       0x60 ./Drivers/STM32F1xx_HAL_Driver/Src/stm32f1xx_hal.o
                0x00000000080007b0                HAL_InitTick
 .text.HAL_IncTick
                0x0000000008000810       0x24 ./Drivers/STM32F1xx_HAL_Driver/Src/stm32f1xx_hal.o
                0x0000000008000810                HAL_IncTick
 .text.HAL_GetTick
                0x0000000008000834       0x14 ./Drivers/STM32F1xx_HAL_Driver/Src/stm32f1xx_hal.o
                0x0000000008000834                HAL_GetTick
 .text.HAL_Delay
                0x0000000008000848       0x48 ./Drivers/STM32F1xx_HAL_Driver/Src/stm32f1xx_hal.o
                0x0000000008000848                HAL_Delay
 .text.__NVIC_SetPriorityGrouping
                0x0000000008000890       0x48 ./Drivers/STM32F1xx_HAL_Driver/Src/stm32f1xx_hal_cortex.o
 .text.__NVIC_GetPriorityGrouping
                0x00000000080008d8       0x1c ./Drivers/STM32F1xx_HAL_Driver/Src/stm32f1xx_hal_cortex.o
 .text.__NVIC_SetPriority
                0x00000000080008f4       0x54 ./Drivers/STM32F1xx_HAL_Driver/Src/stm32f1xx_hal_cortex.o
 .text.NVIC_EncodePriority
                0x0000000008000948       0x64 ./Drivers/STM32F1xx_HAL_Driver/Src/stm32f1xx_hal_cortex.o
 .text.SysTick_Config
                0x00000000080009ac       0x44 ./Drivers/STM32F1xx_HAL_Driver/Src/stm32f1xx_hal_cortex.o
 .text.HAL_NVIC_SetPriorityGrouping
                0x00000000080009f0       0x16 ./Drivers/STM32F1xx_HAL_Driver/Src/stm32f1xx_hal_cortex.o
                0x00000000080009f0                HAL_NVIC_SetPriorityGrouping
 .text.HAL_NVIC_SetPriority
                0x0000000008000a06       0x38 ./Drivers/STM32F1xx_HAL_Driver/Src/stm32f1xx_hal_cortex.o
                0x0000000008000a06                HAL_NVIC_SetPriority
 .text.HAL_SYSTICK_Config
                0x0000000008000a3e       0x18 ./Drivers/STM32F1xx_HAL_Driver/Src/stm32f1xx_hal_cortex.o
                0x0000000008000a3e                HAL_SYSTICK_Config
 *fill*         0x0000000008000a56        0x2 
 .text.HAL_GPIO_Init
                0x0000000008000a58      0x2f4 ./Drivers/STM32F1xx_HAL_Driver/Src/stm32f1xx_hal_gpio.o
                0x0000000008000a58                HAL_GPIO_Init
 .text.HAL_GPIO_WritePin
                0x0000000008000d4c       0x30 ./Drivers/STM32F1xx_HAL_Driver/Src/stm32f1xx_hal_gpio.o
                0x0000000008000d4c                HAL_GPIO_WritePin
 .text.HAL_RCC_OscConfig
                0x0000000008000d7c      0x500 ./Drivers/STM32F1xx_HAL_Driver/Src/stm32f1xx_hal_rcc.o
                0x0000000008000d7c                HAL_RCC_OscConfig
 .text.HAL_RCC_ClockConfig
                0x000000000800127c      0x1d4 ./Drivers/STM32F1xx_HAL_Driver/Src/stm32f1xx_hal_rcc.o
                0x000000000800127c                HAL_RCC_ClockConfig
 .text.HAL_RCC_GetSysClockFreq
                0x0000000008001450       0xa8 ./Drivers/STM32F1xx_HAL_Driver/Src/stm32f1xx_hal_rcc.o
                0x0000000008001450                HAL_RCC_GetSysClockFreq
 .text.RCC_Delay
                0x00000000080014f8       0x3c ./Drivers/STM32F1xx_HAL_Driver/Src/stm32f1xx_hal_rcc.o
 .text.__libc_init_array
                0x0000000008001534       0x48 d:/installation/apps/cubeide/stm32cubeide_1.7.0/stm32cubeide/plugins/com.st.stm32cube.ide.mcu.externaltools.gnu-tools-for-stm32.9-2020-q2-update.win32_2.0.0.202105311346/tools/bin/../lib/gcc/arm-none-eabi/9.3.1/../../../../arm-none-eabi/lib/thumb/v7-m/nofp\libc_nano.a(lib_a-init.o)
                0x0000000008001534                __libc_init_array
 .text.memset   0x000000000800157c       0x10 d:/installation/apps/cubeide/stm32cubeide_1.7.0/stm32cubeide/plugins/com.st.stm32cube.ide.mcu.externaltools.gnu-tools-for-stm32.9-2020-q2-update.win32_2.0.0.202105311346/tools/bin/../lib/gcc/arm-none-eabi/9.3.1/../../../../arm-none-eabi/lib/thumb/v7-m/nofp\libc_nano.a(lib_a-memset.o)
                0x000000000800157c                memset
 *(.glue_7)
 .glue_7        0x000000000800158c        0x0 linker stubs
 *(.glue_7t)
 .glue_7t       0x000000000800158c        0x0 linker stubs
 *(.eh_frame)
 .eh_frame      0x000000000800158c        0x0 d:/installation/apps/cubeide/stm32cubeide_1.7.0/stm32cubeide/plugins/com.st.stm32cube.ide.mcu.externaltools.gnu-tools-for-stm32.9-2020-q2-update.win32_2.0.0.202105311346/tools/bin/../lib/gcc/arm-none-eabi/9.3.1/thumb/v7-m/nofp/crtbegin.o
 *(.init)
 .init          0x000000000800158c        0x4 d:/installation/apps/cubeide/stm32cubeide_1.7.0/stm32cubeide/plugins/com.st.stm32cube.ide.mcu.externaltools.gnu-tools-for-stm32.9-2020-q2-update.win32_2.0.0.202105311346/tools/bin/../lib/gcc/arm-none-eabi/9.3.1/thumb/v7-m/nofp/crti.o
                0x000000000800158c                _init
 .init          0x0000000008001590        0x8 d:/installation/apps/cubeide/stm32cubeide_1.7.0/stm32cubeide/plugins/com.st.stm32cube.ide.mcu.externaltools.gnu-tools-for-stm32.9-2020-q2-update.win32_2.0.0.202105311346/tools/bin/../lib/gcc/arm-none-eabi/9.3.1/thumb/v7-m/nofp/crtn.o
 *(.fini)
 .fini          0x0000000008001598        0x4 d:/installation/apps/cubeide/stm32cubeide_1.7.0/stm32cubeide/plugins/com.st.stm32cube.ide.mcu.externaltools.gnu-tools-for-stm32.9-2020-q2-update.win32_2.0.0.202105311346/tools/bin/../lib/gcc/arm-none-eabi/9.3.1/thumb/v7-m/nofp/crti.o
                0x0000000008001598                _fini
 .fini          0x000000000800159c        0x8 d:/installation/apps/cubeide/stm32cubeide_1.7.0/stm32cubeide/plugins/com.st.stm32cube.ide.mcu.externaltools.gnu-tools-for-stm32.9-2020-q2-update.win32_2.0.0.202105311346/tools/bin/../lib/gcc/arm-none-eabi/9.3.1/thumb/v7-m/nofp/crtn.o
                0x00000000080015a4                . = ALIGN (0x4)
                0x00000000080015a4                _etext = .

.vfp11_veneer   0x00000000080015a4        0x0
 .vfp11_veneer  0x00000000080015a4        0x0 linker stubs

.v4_bx          0x00000000080015a4        0x0
 .v4_bx         0x00000000080015a4        0x0 linker stubs

.iplt           0x00000000080015a4        0x0
 .iplt          0x00000000080015a4        0x0 d:/installation/apps/cubeide/stm32cubeide_1.7.0/stm32cubeide/plugins/com.st.stm32cube.ide.mcu.externaltools.gnu-tools-for-stm32.9-2020-q2-update.win32_2.0.0.202105311346/tools/bin/../lib/gcc/arm-none-eabi/9.3.1/thumb/v7-m/nofp/crtbegin.o

.rodata         0x00000000080015a4       0x74
                0x00000000080015a4                . = ALIGN (0x4)
 *(.rodata)
 .rodata        0x00000000080015a4       0x20 ./Core/Src/led_seg.o
 .rodata        0x00000000080015c4       0x30 ./Core/Src/traffic_light.o
 *(.rodata*)
 .rodata.AHBPrescTable
                0x00000000080015f4       0x10 ./Core/Src/system_stm32f1xx.o
                0x00000000080015f4                AHBPrescTable
 .rodata.aPLLMULFactorTable.5504
                0x0000000008001604       0x10 ./Drivers/STM32F1xx_HAL_Driver/Src/stm32f1xx_hal_rcc.o
 .rodata.aPredivFactorTable.5505
                0x0000000008001614        0x2 ./Drivers/STM32F1xx_HAL_Driver/Src/stm32f1xx_hal_rcc.o
                0x0000000008001618                . = ALIGN (0x4)
 *fill*         0x0000000008001616        0x2 

.rel.dyn        0x0000000008001618        0x0
 .rel.iplt      0x0000000008001618        0x0 d:/installation/apps/cubeide/stm32cubeide_1.7.0/stm32cubeide/plugins/com.st.stm32cube.ide.mcu.externaltools.gnu-tools-for-stm32.9-2020-q2-update.win32_2.0.0.202105311346/tools/bin/../lib/gcc/arm-none-eabi/9.3.1/thumb/v7-m/nofp/crtbegin.o

.ARM.extab      0x0000000008001618        0x0
                0x0000000008001618                . = ALIGN (0x4)
 *(.ARM.extab* .gnu.linkonce.armextab.*)
                0x0000000008001618                . = ALIGN (0x4)

.ARM            0x0000000008001618        0x0
                0x0000000008001618                . = ALIGN (0x4)
                0x0000000008001618                __exidx_start = .
 *(.ARM.exidx*)
                0x0000000008001618                __exidx_end = .
                0x0000000008001618                . = ALIGN (0x4)

.preinit_array  0x0000000008001618        0x0
                0x0000000008001618                . = ALIGN (0x4)
                0x0000000008001618                PROVIDE (__preinit_array_start = .)
 *(.preinit_array*)
                0x0000000008001618                PROVIDE (__preinit_array_end = .)
                0x0000000008001618                . = ALIGN (0x4)

.init_array     0x0000000008001618        0x4
                0x0000000008001618                . = ALIGN (0x4)
                0x0000000008001618                PROVIDE (__init_array_start = .)
 *(SORT_BY_NAME(.init_array.*))
 *(.init_array*)
 .init_array    0x0000000008001618        0x4 d:/installation/apps/cubeide/stm32cubeide_1.7.0/stm32cubeide/plugins/com.st.stm32cube.ide.mcu.externaltools.gnu-tools-for-stm32.9-2020-q2-update.win32_2.0.0.202105311346/tools/bin/../lib/gcc/arm-none-eabi/9.3.1/thumb/v7-m/nofp/crtbegin.o
                0x000000000800161c                PROVIDE (__init_array_end = .)
                0x000000000800161c                . = ALIGN (0x4)

.fini_array     0x000000000800161c        0x4
                0x000000000800161c                . = ALIGN (0x4)
                [!provide]                        PROVIDE (__fini_array_start = .)
 *(SORT_BY_NAME(.fini_array.*))
 *(.fini_array*)
 .fini_array    0x000000000800161c        0x4 d:/installation/apps/cubeide/stm32cubeide_1.7.0/stm32cubeide/plugins/com.st.stm32cube.ide.mcu.externaltools.gnu-tools-for-stm32.9-2020-q2-update.win32_2.0.0.202105311346/tools/bin/../lib/gcc/arm-none-eabi/9.3.1/thumb/v7-m/nofp/crtbegin.o
                [!provide]                        PROVIDE (__fini_array_end = .)
                0x0000000008001620                . = ALIGN (0x4)
                0x0000000008001620                _sidata = LOADADDR (.data)

.data           0x0000000020000000        0xc load address 0x0000000008001620
                0x0000000020000000                . = ALIGN (0x4)
                0x0000000020000000                _sdata = .
 *(.data)
 *(.data*)
 .data.SystemCoreClock
                0x0000000020000000        0x4 ./Core/Src/system_stm32f1xx.o
                0x0000000020000000                SystemCoreClock
 .data.uwTickPrio
                0x0000000020000004        0x4 ./Drivers/STM32F1xx_HAL_Driver/Src/stm32f1xx_hal.o
                0x0000000020000004                uwTickPrio
 .data.uwTickFreq
                0x0000000020000008        0x1 ./Drivers/STM32F1xx_HAL_Driver/Src/stm32f1xx_hal.o
                0x0000000020000008                uwTickFreq
 *(.RamFunc)
 *(.RamFunc*)
                0x000000002000000c                . = ALIGN (0x4)
 *fill*         0x0000000020000009        0x3 
                0x000000002000000c                _edata = .

.igot.plt       0x000000002000000c        0x0 load address 0x000000000800162c
 .igot.plt      0x000000002000000c        0x0 d:/installation/apps/cubeide/stm32cubeide_1.7.0/stm32cubeide/plugins/com.st.stm32cube.ide.mcu.externaltools.gnu-tools-for-stm32.9-2020-q2-update.win32_2.0.0.202105311346/tools/bin/../lib/gcc/arm-none-eabi/9.3.1/thumb/v7-m/nofp/crtbegin.o
                0x000000002000000c                . = ALIGN (0x4)

.bss            0x000000002000000c       0x80 load address 0x000000000800162c
                0x000000002000000c                _sbss = .
                0x000000002000000c                __bss_start__ = _sbss
 *(.bss)
 .bss           0x000000002000000c       0x1c d:/installation/apps/cubeide/stm32cubeide_1.7.0/stm32cubeide/plugins/com.st.stm32cube.ide.mcu.externaltools.gnu-tools-for-stm32.9-2020-q2-update.win32_2.0.0.202105311346/tools/bin/../lib/gcc/arm-none-eabi/9.3.1/thumb/v7-m/nofp/crtbegin.o
 *(.bss*)
 *(COMMON)
 COMMON         0x0000000020000028       0x60 ./Core/Src/global.o
                0x0000000020000028                traffic_timer
                0x0000000020000030                led_seg
                0x0000000020000050                traffic_color
                0x0000000020000058                light_color
 COMMON         0x0000000020000088        0x4 ./Drivers/STM32F1xx_HAL_Driver/Src/stm32f1xx_hal.o
                0x0000000020000088                uwTick
                0x000000002000008c                . = ALIGN (0x4)
                0x000000002000008c                _ebss = .
                0x000000002000008c                __bss_end__ = _ebss

._user_heap_stack
                0x000000002000008c      0x604 load address 0x000000000800162c
                0x0000000020000090                . = ALIGN (0x8)
 *fill*         0x000000002000008c        0x4 
                [!provide]                        PROVIDE (end = .)
                0x0000000020000090                PROVIDE (_end = .)
                0x0000000020000290                . = (. + _Min_Heap_Size)
 *fill*         0x0000000020000090      0x200 
                0x0000000020000690                . = (. + _Min_Stack_Size)
 *fill*         0x0000000020000290      0x400 
                0x0000000020000690                . = ALIGN (0x8)

/DISCARD/
 libc.a(*)
 libm.a(*)
 libgcc.a(*)

.ARM.attributes
                0x0000000000000000       0x29
 *(.ARM.attributes)
 .ARM.attributes
                0x0000000000000000       0x1d d:/installation/apps/cubeide/stm32cubeide_1.7.0/stm32cubeide/plugins/com.st.stm32cube.ide.mcu.externaltools.gnu-tools-for-stm32.9-2020-q2-update.win32_2.0.0.202105311346/tools/bin/../lib/gcc/arm-none-eabi/9.3.1/thumb/v7-m/nofp/crti.o
 .ARM.attributes
                0x000000000000001d       0x2d d:/installation/apps/cubeide/stm32cubeide_1.7.0/stm32cubeide/plugins/com.st.stm32cube.ide.mcu.externaltools.gnu-tools-for-stm32.9-2020-q2-update.win32_2.0.0.202105311346/tools/bin/../lib/gcc/arm-none-eabi/9.3.1/thumb/v7-m/nofp/crtbegin.o
 .ARM.attributes
                0x000000000000004a       0x2d ./Core/Src/global.o
 .ARM.attributes
                0x0000000000000077       0x2d ./Core/Src/led_seg.o
 .ARM.attributes
                0x00000000000000a4       0x2d ./Core/Src/main.o
 .ARM.attributes
                0x00000000000000d1       0x2d ./Core/Src/stm32f1xx_hal_msp.o
 .ARM.attributes
                0x00000000000000fe       0x2d ./Core/Src/stm32f1xx_it.o
 .ARM.attributes
                0x000000000000012b       0x2d ./Core/Src/system_stm32f1xx.o
 .ARM.attributes
                0x0000000000000158       0x2d ./Core/Src/traffic_light.o
 .ARM.attributes
                0x0000000000000185       0x21 ./Core/Startup/startup_stm32f103c6tx.o
 .ARM.attributes
                0x00000000000001a6       0x2d ./Drivers/STM32F1xx_HAL_Driver/Src/stm32f1xx_hal.o
 .ARM.attributes
                0x00000000000001d3       0x2d ./Drivers/STM32F1xx_HAL_Driver/Src/stm32f1xx_hal_cortex.o
 .ARM.attributes
                0x0000000000000200       0x2d ./Drivers/STM32F1xx_HAL_Driver/Src/stm32f1xx_hal_gpio.o
 .ARM.attributes
                0x000000000000022d       0x2d ./Drivers/STM32F1xx_HAL_Driver/Src/stm32f1xx_hal_rcc.o
 .ARM.attributes
                0x000000000000025a       0x2d d:/installation/apps/cubeide/stm32cubeide_1.7.0/stm32cubeide/plugins/com.st.stm32cube.ide.mcu.externaltools.gnu-tools-for-stm32.9-2020-q2-update.win32_2.0.0.202105311346/tools/bin/../lib/gcc/arm-none-eabi/9.3.1/../../../../arm-none-eabi/lib/thumb/v7-m/nofp\libc_nano.a(lib_a-init.o)
 .ARM.attributes
                0x0000000000000287       0x2d d:/installation/apps/cubeide/stm32cubeide_1.7.0/stm32cubeide/plugins/com.st.stm32cube.ide.mcu.externaltools.gnu-tools-for-stm32.9-2020-q2-update.win32_2.0.0.202105311346/tools/bin/../lib/gcc/arm-none-eabi/9.3.1/../../../../arm-none-eabi/lib/thumb/v7-m/nofp\libc_nano.a(lib_a-memset.o)
 .ARM.attributes
                0x00000000000002b4       0x1d d:/installation/apps/cubeide/stm32cubeide_1.7.0/stm32cubeide/plugins/com.st.stm32cube.ide.mcu.externaltools.gnu-tools-for-stm32.9-2020-q2-update.win32_2.0.0.202105311346/tools/bin/../lib/gcc/arm-none-eabi/9.3.1/thumb/v7-m/nofp/crtn.o
OUTPUT(Traffic_Light.elf elf32-littlearm)
LOAD linker stubs
LOAD d:/installation/apps/cubeide/stm32cubeide_1.7.0/stm32cubeide/plugins/com.st.stm32cube.ide.mcu.externaltools.gnu-tools-for-stm32.9-2020-q2-update.win32_2.0.0.202105311346/tools/bin/../lib/gcc/arm-none-eabi/9.3.1/../../../../arm-none-eabi/lib/thumb/v7-m/nofp\libc.a
LOAD d:/installation/apps/cubeide/stm32cubeide_1.7.0/stm32cubeide/plugins/com.st.stm32cube.ide.mcu.externaltools.gnu-tools-for-stm32.9-2020-q2-update.win32_2.0.0.202105311346/tools/bin/../lib/gcc/arm-none-eabi/9.3.1/../../../../arm-none-eabi/lib/thumb/v7-m/nofp\libm.a
LOAD d:/installation/apps/cubeide/stm32cubeide_1.7.0/stm32cubeide/plugins/com.st.stm32cube.ide.mcu.externaltools.gnu-tools-for-stm32.9-2020-q2-update.win32_2.0.0.202105311346/tools/bin/../lib/gcc/arm-none-eabi/9.3.1/thumb/v7-m/nofp\libgcc.a

.debug_info     0x0000000000000000     0x3dcd
 .debug_info    0x0000000000000000      0x32f ./Core/Src/global.o
 .debug_info    0x000000000000032f      0x393 ./Core/Src/led_seg.o
 .debug_info    0x00000000000006c2      0x5d7 ./Core/Src/main.o
 .debug_info    0x0000000000000c99      0x442 ./Core/Src/stm32f1xx_hal_msp.o
 .debug_info    0x00000000000010db      0x368 ./Core/Src/stm32f1xx_it.o
 .debug_info    0x0000000000001443      0x2be ./Core/Src/system_stm32f1xx.o
 .debug_info    0x0000000000001701      0x40c ./Core/Src/traffic_light.o
 .debug_info    0x0000000000001b0d       0x22 ./Core/Startup/startup_stm32f103c6tx.o
 .debug_info    0x0000000000001b2f      0x74c ./Drivers/STM32F1xx_HAL_Driver/Src/stm32f1xx_hal.o
 .debug_info    0x000000000000227b      0xbbe ./Drivers/STM32F1xx_HAL_Driver/Src/stm32f1xx_hal_cortex.o
 .debug_info    0x0000000000002e39      0x701 ./Drivers/STM32F1xx_HAL_Driver/Src/stm32f1xx_hal_gpio.o
 .debug_info    0x000000000000353a      0x893 ./Drivers/STM32F1xx_HAL_Driver/Src/stm32f1xx_hal_rcc.o

.debug_abbrev   0x0000000000000000     0x1453
 .debug_abbrev  0x0000000000000000      0x172 ./Core/Src/global.o
 .debug_abbrev  0x0000000000000172      0x1b5 ./Core/Src/led_seg.o
 .debug_abbrev  0x0000000000000327      0x1d7 ./Core/Src/main.o
 .debug_abbrev  0x00000000000004fe      0x16a ./Core/Src/stm32f1xx_hal_msp.o
 .debug_abbrev  0x0000000000000668      0x15f ./Core/Src/stm32f1xx_it.o
 .debug_abbrev  0x00000000000007c7      0x14e ./Core/Src/system_stm32f1xx.o
 .debug_abbrev  0x0000000000000915      0x1d1 ./Core/Src/traffic_light.o
 .debug_abbrev  0x0000000000000ae6       0x12 ./Core/Startup/startup_stm32f103c6tx.o
 .debug_abbrev  0x0000000000000af8      0x1ed ./Drivers/STM32F1xx_HAL_Driver/Src/stm32f1xx_hal.o
 .debug_abbrev  0x0000000000000ce5      0x313 ./Drivers/STM32F1xx_HAL_Driver/Src/stm32f1xx_hal_cortex.o
 .debug_abbrev  0x0000000000000ff8      0x1e8 ./Drivers/STM32F1xx_HAL_Driver/Src/stm32f1xx_hal_gpio.o
 .debug_abbrev  0x00000000000011e0      0x273 ./Drivers/STM32F1xx_HAL_Driver/Src/stm32f1xx_hal_rcc.o

.debug_aranges  0x0000000000000000      0x480
 .debug_aranges
                0x0000000000000000       0x28 ./Core/Src/global.o
 .debug_aranges
                0x0000000000000028       0x40 ./Core/Src/led_seg.o
 .debug_aranges
                0x0000000000000068       0x38 ./Core/Src/main.o
 .debug_aranges
                0x00000000000000a0       0x20 ./Core/Src/stm32f1xx_hal_msp.o
 .debug_aranges
                0x00000000000000c0       0x60 ./Core/Src/stm32f1xx_it.o
 .debug_aranges
                0x0000000000000120       0x28 ./Core/Src/system_stm32f1xx.o
 .debug_aranges
                0x0000000000000148       0x48 ./Core/Src/traffic_light.o
 .debug_aranges
                0x0000000000000190       0x28 ./Core/Startup/startup_stm32f103c6tx.o
 .debug_aranges
                0x00000000000001b8       0xe0 ./Drivers/STM32F1xx_HAL_Driver/Src/stm32f1xx_hal.o
 .debug_aranges
                0x0000000000000298      0x100 ./Drivers/STM32F1xx_HAL_Driver/Src/stm32f1xx_hal_cortex.o
 .debug_aranges
                0x0000000000000398       0x58 ./Drivers/STM32F1xx_HAL_Driver/Src/stm32f1xx_hal_gpio.o
 .debug_aranges
                0x00000000000003f0       0x90 ./Drivers/STM32F1xx_HAL_Driver/Src/stm32f1xx_hal_rcc.o

.debug_ranges   0x0000000000000000      0x3c8
 .debug_ranges  0x0000000000000000       0x18 ./Core/Src/global.o
 .debug_ranges  0x0000000000000018       0x30 ./Core/Src/led_seg.o
 .debug_ranges  0x0000000000000048       0x28 ./Core/Src/main.o
 .debug_ranges  0x0000000000000070       0x10 ./Core/Src/stm32f1xx_hal_msp.o
 .debug_ranges  0x0000000000000080       0x50 ./Core/Src/stm32f1xx_it.o
 .debug_ranges  0x00000000000000d0       0x18 ./Core/Src/system_stm32f1xx.o
 .debug_ranges  0x00000000000000e8       0x38 ./Core/Src/traffic_light.o
 .debug_ranges  0x0000000000000120       0x20 ./Core/Startup/startup_stm32f103c6tx.o
 .debug_ranges  0x0000000000000140       0xd0 ./Drivers/STM32F1xx_HAL_Driver/Src/stm32f1xx_hal.o
 .debug_ranges  0x0000000000000210       0xf0 ./Drivers/STM32F1xx_HAL_Driver/Src/stm32f1xx_hal_cortex.o
 .debug_ranges  0x0000000000000300       0x48 ./Drivers/STM32F1xx_HAL_Driver/Src/stm32f1xx_hal_gpio.o
 .debug_ranges  0x0000000000000348       0x80 ./Drivers/STM32F1xx_HAL_Driver/Src/stm32f1xx_hal_rcc.o

.debug_macro    0x0000000000000000    0x15bc4
 .debug_macro   0x0000000000000000      0x1c1 ./Core/Src/global.o
 .debug_macro   0x00000000000001c1      0xa9c ./Core/Src/global.o
 .debug_macro   0x0000000000000c5d      0x20f ./Core/Src/global.o
 .debug_macro   0x0000000000000e6c       0x2e ./Core/Src/global.o
 .debug_macro   0x0000000000000e9a       0x22 ./Core/Src/global.o
 .debug_macro   0x0000000000000ebc       0x22 ./Core/Src/global.o
 .debug_macro   0x0000000000000ede       0x8e ./Core/Src/global.o
 .debug_macro   0x0000000000000f6c       0x51 ./Core/Src/global.o
 .debug_macro   0x0000000000000fbd      0x103 ./Core/Src/global.o
 .debug_macro   0x00000000000010c0       0x6a ./Core/Src/global.o
 .debug_macro   0x000000000000112a      0x1df ./Core/Src/global.o
 .debug_macro   0x0000000000001309       0x1c ./Core/Src/global.o
 .debug_macro   0x0000000000001325       0x22 ./Core/Src/global.o
 .debug_macro   0x0000000000001347       0xc3 ./Core/Src/global.o
 .debug_macro   0x000000000000140a      0xd23 ./Core/Src/global.o
 .debug_macro   0x000000000000212d     0xde75 ./Core/Src/global.o
 .debug_macro   0x000000000000ffa2       0x6d ./Core/Src/global.o
 .debug_macro   0x000000000001000f     0x348d ./Core/Src/global.o
 .debug_macro   0x000000000001349c      0x174 ./Core/Src/global.o
 .debug_macro   0x0000000000013610       0x5c ./Core/Src/global.o
 .debug_macro   0x000000000001366c      0x5bc ./Core/Src/global.o
 .debug_macro   0x0000000000013c28      0x1b7 ./Core/Src/global.o
 .debug_macro   0x0000000000013ddf      0x1cb ./Core/Src/global.o
 .debug_macro   0x0000000000013faa      0x114 ./Core/Src/global.o
 .debug_macro   0x00000000000140be      0x1b2 ./Core/Src/global.o
 .debug_macro   0x0000000000014270       0x27 ./Core/Src/global.o
 .debug_macro   0x0000000000014297      0x12f ./Core/Src/global.o
 .debug_macro   0x00000000000143c6      0x1bc ./Core/Src/global.o
 .debug_macro   0x0000000000014582       0x34 ./Core/Src/global.o
 .debug_macro   0x00000000000145b6       0x3c ./Core/Src/global.o
 .debug_macro   0x00000000000145f2       0x57 ./Core/Src/global.o
 .debug_macro   0x0000000000014649       0x87 ./Core/Src/global.o
 .debug_macro   0x00000000000146d0      0x183 ./Core/Src/global.o
 .debug_macro   0x0000000000014853      0x140 ./Core/Src/global.o
 .debug_macro   0x0000000000014993       0x69 ./Core/Src/global.o
 .debug_macro   0x00000000000149fc       0x34 ./Core/Src/global.o
 .debug_macro   0x0000000000014a30       0x7c ./Core/Src/global.o
 .debug_macro   0x0000000000014aac       0x22 ./Core/Src/global.o
 .debug_macro   0x0000000000014ace      0x1c5 ./Core/Src/led_seg.o
 .debug_macro   0x0000000000014c93      0x1bd ./Core/Src/main.o
 .debug_macro   0x0000000000014e50      0x1bd ./Core/Src/stm32f1xx_hal_msp.o
 .debug_macro   0x000000000001500d      0x1c7 ./Core/Src/stm32f1xx_it.o
 .debug_macro   0x00000000000151d4      0x182 ./Core/Src/system_stm32f1xx.o
 .debug_macro   0x0000000000015356      0x1c5 ./Core/Src/traffic_light.o
 .debug_macro   0x000000000001551b      0x1a6 ./Drivers/STM32F1xx_HAL_Driver/Src/stm32f1xx_hal.o
 .debug_macro   0x00000000000156c1      0x182 ./Drivers/STM32F1xx_HAL_Driver/Src/stm32f1xx_hal_cortex.o
 .debug_macro   0x0000000000015843      0x1ed ./Drivers/STM32F1xx_HAL_Driver/Src/stm32f1xx_hal_gpio.o
 .debug_macro   0x0000000000015a30      0x194 ./Drivers/STM32F1xx_HAL_Driver/Src/stm32f1xx_hal_rcc.o

.debug_line     0x0000000000000000     0x6b3b
 .debug_line    0x0000000000000000      0x7e8 ./Core/Src/global.o
 .debug_line    0x00000000000007e8      0x886 ./Core/Src/led_seg.o
 .debug_line    0x000000000000106e      0x8e3 ./Core/Src/main.o
 .debug_line    0x0000000000001951      0x7e1 ./Core/Src/stm32f1xx_hal_msp.o
 .debug_line    0x0000000000002132      0x8a2 ./Core/Src/stm32f1xx_it.o
 .debug_line    0x00000000000029d4      0x832 ./Core/Src/system_stm32f1xx.o
 .debug_line    0x0000000000003206      0x8bc ./Core/Src/traffic_light.o
 .debug_line    0x0000000000003ac2       0x86 ./Core/Startup/startup_stm32f103c6tx.o
 .debug_line    0x0000000000003b48      0xa5f ./Drivers/STM32F1xx_HAL_Driver/Src/stm32f1xx_hal.o
 .debug_line    0x00000000000045a7      0xc47 ./Drivers/STM32F1xx_HAL_Driver/Src/stm32f1xx_hal_cortex.o
 .debug_line    0x00000000000051ee      0xae2 ./Drivers/STM32F1xx_HAL_Driver/Src/stm32f1xx_hal_gpio.o
 .debug_line    0x0000000000005cd0      0xe6b ./Drivers/STM32F1xx_HAL_Driver/Src/stm32f1xx_hal_rcc.o

.debug_str      0x0000000000000000    0x79ba5
 .debug_str     0x0000000000000000    0x78972 ./Core/Src/global.o
                                      0x78ca9 (size before relaxing)
 .debug_str     0x0000000000078972       0x64 ./Core/Src/led_seg.o
                                      0x78cb7 (size before relaxing)
 .debug_str     0x00000000000789d6      0x204 ./Core/Src/main.o
                                      0x78e78 (size before relaxing)
 .debug_str     0x0000000000078bda       0x5a ./Core/Src/stm32f1xx_hal_msp.o
                                      0x78cf3 (size before relaxing)
 .debug_str     0x0000000000078c34       0xbd ./Core/Src/stm32f1xx_it.o
                                      0x78d10 (size before relaxing)
 .debug_str     0x0000000000078cf1       0x52 ./Core/Src/system_stm32f1xx.o
                                      0x789c4 (size before relaxing)
 .debug_str     0x0000000000078d43       0x8b ./Core/Src/traffic_light.o
                                      0x78ce4 (size before relaxing)
 .debug_str     0x0000000000078dce       0x36 ./Core/Startup/startup_stm32f103c6tx.o
                                         0x9c (size before relaxing)
 .debug_str     0x0000000000078e04      0x52e ./Drivers/STM32F1xx_HAL_Driver/Src/stm32f1xx_hal.o
                                      0x7901b (size before relaxing)
 .debug_str     0x0000000000079332      0x300 ./Drivers/STM32F1xx_HAL_Driver/Src/stm32f1xx_hal_cortex.o
                                      0x79023 (size before relaxing)
 .debug_str     0x0000000000079632      0x324 ./Drivers/STM32F1xx_HAL_Driver/Src/stm32f1xx_hal_gpio.o
                                      0x78d88 (size before relaxing)
 .debug_str     0x0000000000079956      0x24f ./Drivers/STM32F1xx_HAL_Driver/Src/stm32f1xx_hal_rcc.o
                                      0x78dc1 (size before relaxing)

.comment        0x0000000000000000       0x53
 .comment       0x0000000000000000       0x53 ./Core/Src/global.o
                                         0x54 (size before relaxing)
 .comment       0x0000000000000053       0x54 ./Core/Src/led_seg.o
 .comment       0x0000000000000053       0x54 ./Core/Src/main.o
 .comment       0x0000000000000053       0x54 ./Core/Src/stm32f1xx_hal_msp.o
 .comment       0x0000000000000053       0x54 ./Core/Src/stm32f1xx_it.o
 .comment       0x0000000000000053       0x54 ./Core/Src/system_stm32f1xx.o
 .comment       0x0000000000000053       0x54 ./Core/Src/traffic_light.o
 .comment       0x0000000000000053       0x54 ./Drivers/STM32F1xx_HAL_Driver/Src/stm32f1xx_hal.o
 .comment       0x0000000000000053       0x54 ./Drivers/STM32F1xx_HAL_Driver/Src/stm32f1xx_hal_cortex.o
 .comment       0x0000000000000053       0x54 ./Drivers/STM32F1xx_HAL_Driver/Src/stm32f1xx_hal_gpio.o
 .comment       0x0000000000000053       0x54 ./Drivers/STM32F1xx_HAL_Driver/Src/stm32f1xx_hal_rcc.o

.debug_frame    0x0000000000000000      0xf38
 .debug_frame   0x0000000000000000       0x58 ./Core/Src/global.o
 .debug_frame   0x0000000000000058       0xc4 ./Core/Src/led_seg.o
 .debug_frame   0x000000000000011c       0x90 ./Core/Src/main.o
 .debug_frame   0x00000000000001ac       0x38 ./Core/Src/stm32f1xx_hal_msp.o
 .debug_frame   0x00000000000001e4      0x104 ./Core/Src/stm32f1xx_it.o
 .debug_frame   0x00000000000002e8       0x58 ./Core/Src/system_stm32f1xx.o
 .debug_frame   0x0000000000000340       0xec ./Core/Src/traffic_light.o
 .debug_frame   0x000000000000042c      0x334 ./Drivers/STM32F1xx_HAL_Driver/Src/stm32f1xx_hal.o
 .debug_frame   0x0000000000000760      0x428 ./Drivers/STM32F1xx_HAL_Driver/Src/stm32f1xx_hal_cortex.o
 .debug_frame   0x0000000000000b88      0x14c ./Drivers/STM32F1xx_HAL_Driver/Src/stm32f1xx_hal_gpio.o
 .debug_frame   0x0000000000000cd4      0x218 ./Drivers/STM32F1xx_HAL_Driver/Src/stm32f1xx_hal_rcc.o
 .debug_frame   0x0000000000000eec       0x2c d:/installation/apps/cubeide/stm32cubeide_1.7.0/stm32cubeide/plugins/com.st.stm32cube.ide.mcu.externaltools.gnu-tools-for-stm32.9-2020-q2-update.win32_2.0.0.202105311346/tools/bin/../lib/gcc/arm-none-eabi/9.3.1/../../../../arm-none-eabi/lib/thumb/v7-m/nofp\libc_nano.a(lib_a-init.o)
 .debug_frame   0x0000000000000f18       0x20 d:/installation/apps/cubeide/stm32cubeide_1.7.0/stm32cubeide/plugins/com.st.stm32cube.ide.mcu.externaltools.gnu-tools-for-stm32.9-2020-q2-update.win32_2.0.0.202105311346/tools/bin/../lib/gcc/arm-none-eabi/9.3.1/../../../../arm-none-eabi/lib/thumb/v7-m/nofp\libc_nano.a(lib_a-memset.o)
