23:13:54 **** Incremental Build of configuration Debug for project Traffic_Light ****
make -j12 all 
arm-none-eabi-gcc -o "Traffic_Light.elf" @"objects.list"   -mcpu=cortex-m3 -T"D:\HCMUT\KNOWLEDGE\Github\HCMUT\Team\CO3007-2111203-lab1\CO3007-2111203-lab1\Cube\Traffic_Light\STM32F103C6TX_FLASH.ld" --specs=nosys.specs -Wl,-Map="Traffic_Light.map" -Wl,--gc-sections -static --specs=nano.specs -mfloat-abi=soft -mthumb -Wl,--start-group -lc -lm -Wl,--end-group
Finished building target: Traffic_Light.elf
 
arm-none-eabi-size   Traffic_Light.elf 
arm-none-eabi-objdump -h -S  Traffic_Light.elf  > "Traffic_Light.list"
arm-none-eabi-objcopy  -O ihex  Traffic_Light.elf  "Traffic_Light.hex"
   text	   data	    bss	    dec	    hex	filename
   4684	     20	   1596	   6300	   189c	Traffic_Light.elf
arm-none-eabi-objcopy  -O binary  Traffic_Light.elf  "Traffic_Light.bin"
Finished building: default.size.stdout
 
Finished building: Traffic_Light.list
Finished building: Traffic_Light.hex
Finished building: Traffic_Light.bin
 
 
 
